// Jest Snapshot v1, https://goo.gl/fbAQLP

exports[`Leaderboard it renders correctly without data 1`] = `
<main
  class="leaderboard"
  data-testid="leaderboard"
>
  <section
    class="wrapper"
  >
    <h1
      class="title"
    >
      Рейтинг игроков
    </h1>
    <div
      class="loader"
      data-testid="loader"
    >
      <div />
      <div />
      <div />
      <div />
      <div />
      <div />
      <div />
      <div />
    </div>
  </section>
</main>
`;
